// Jest Snapshot v1, https://goo.gl/fbAQLP

exports[`stream of multi-byte events 1`] = `
Object {
  "data": "Blåbæ
rsyltetøy må da være mulig å oppdrive? 😶‍🌫️ 😮‍💨 😵‍💫 ❤️‍🔥 ❤️‍🩹 👁️‍🗨️ 🫱🏻‍🫲🏼 🫱🏻‍🫲🏽 🫱🏻‍🫲🏾 🫱🏻‍🫲🏿 🫱🏼‍🫲🏻 🫱🏼‍🫲🏽 🫱🏼‍🫲🏾 🫱🏼‍🫲🏿 🫱🏽‍🫲🏻 🫱🏽‍🫲🏼 🫱🏽‍🫲🏾 🫱🏽‍🫲🏿 🫱🏾‍🫲🏻 🫱🏾‍🫲🏼 🫱🏾‍🫲🏽 🫱🏾‍🫲🏿 🫱🏿‍🫲🏻 🫱🏿‍🫲🏼 🫱🏿‍🫲🏽 🫱🏿‍🫲🏾 🧔‍♂️ 🧔🏻‍♂️ 🧔🏼‍♂️ 🧔🏽‍♂️ 🧔🏾‍♂️ 🧔🏿‍♂️ 🧔‍♀️ 🧔🏻‍♀️ 🧔🏼‍♀️ 🧔🏽‍♀️ 🧔🏾‍♀️ 🧔🏿‍♀️ 👨‍🦰 👨🏻‍🦰 👨🏼‍🦰 👨🏽‍🦰 👨🏾‍🦰 👨🏿‍🦰 👨‍🦱 👨🏻‍🦱 👨🏼‍🦱 👨🏽‍🦱 👨🏾‍🦱 👨🏿‍🦱 👨‍🦳 👨🏻‍🦳 👨🏼‍🦳 👨🏽‍🦳 👨🏾‍🦳 👨🏿‍🦳 👨‍🦲 👨🏻‍🦲 👨🏼‍🦲 👨🏽‍🦲 👨🏾‍🦲 👨🏿‍🦲 👩‍🦰 👩🏻‍🦰 👩🏼‍🦰 👩🏽‍🦰 👩🏾‍🦰 👩🏿‍🦰 🧑‍🦰 🧑🏻‍🦰 🧑🏼‍🦰 🧑🏽‍🦰 🧑🏾‍🦰 🧑🏿‍🦰 👩‍🦱 👩🏻‍🦱 👩🏼‍🦱 👩🏽‍🦱 👩🏾‍🦱 👩🏿‍🦱 🧑‍🦱 🧑🏻‍🦱 🧑🏼‍🦱 🧑🏽‍🦱 🧑🏾‍🦱 🧑🏿‍🦱 👩‍🦳 👩🏻‍🦳 👩🏼‍🦳 👩🏽‍🦳 👩🏾‍🦳 👩🏿‍🦳 🧑‍🦳 🧑🏻‍🦳 🧑🏼‍🦳 🧑🏽‍🦳 🧑🏾‍🦳",
  "event": undefined,
  "id": "0",
  "type": "event",
}
`;

exports[`stream of multi-byte events 2`] = `
Object {
  "data": "በእርግጥ አንድ ሰው ብሉቤሪ ጃምን መግዛት መቻል አለበት? 🧑🏿‍🦳 👩‍🦲 👩🏻‍🦲 👩🏼‍🦲 👩🏽‍🦲 👩🏾‍🦲 👩🏿‍🦲 🧑‍🦲 🧑🏻‍🦲 🧑🏼‍🦲 🧑🏽‍🦲 🧑🏾‍🦲 🧑🏿‍🦲 👱‍♀️ 👱🏻‍♀️ 👱🏼‍♀️ 👱🏽‍♀️ 👱🏾‍♀️ 👱🏿‍♀️ 👱‍♂️ 👱🏻‍♂️ 👱🏼‍♂️ 👱🏽‍♂️ 👱🏾‍♂️ 👱🏿‍♂️ 🙍‍♂️ 🙍🏻‍♂️ 🙍🏼‍♂️ 🙍🏽‍♂️ 🙍🏾‍♂️ 🙍🏿‍♂️ 🙍‍♀️ 🙍🏻‍♀️ 🙍🏼‍♀️ 🙍🏽‍♀️ 🙍🏾‍♀️ 🙍🏿‍♀️ 🙎‍♂️ 🙎🏻‍♂️ 🙎🏼‍♂️ 🙎🏽‍♂️ 🙎🏾‍♂️ 🙎🏿‍♂️ 🙎‍♀️ 🙎🏻‍♀️ 🙎🏼‍♀️ 🙎🏽‍♀️ 🙎🏾‍♀️ 🙎🏿‍♀️ 🙅‍♂️ 🙅🏻‍♂️ 🙅🏼‍♂️ 🙅🏽‍♂️ 🙅🏾‍♂️ 🙅🏿‍♂️ 🙅‍♀️ 🙅🏻‍♀️ 🙅🏼‍♀️ 🙅🏽‍♀️ 🙅🏾‍♀️ 🙅🏿‍♀️ 🙆‍♂️ 🙆🏻‍♂️ 🙆🏼‍♂️ 🙆🏽‍♂️ 🙆🏾‍♂️ 🙆🏿‍♂️ 🙆‍♀️ 🙆🏻‍♀️ 🙆🏼‍♀️ 🙆🏽‍♀️ 🙆🏾‍♀️ 🙆🏿‍♀️ 💁‍♂️ 💁🏻‍♂️ 💁🏼‍♂️ 💁🏽‍♂️ 💁🏾‍♂️ 💁🏿‍♂️ 💁‍♀️ 💁🏻‍♀️ 💁🏼‍♀️ 💁🏽‍♀️ 💁🏾‍♀️ 💁🏿‍♀️ 🙋‍♂️ 🙋🏻‍♂️ 🙋🏼‍♂️ 🙋🏽‍♂️ 🙋🏾‍♂️ 🙋🏿‍♂️ 🙋‍♀️ 🙋🏻‍♀️ 🙋🏼‍♀️ 🙋🏽‍♀️ 🙋🏾‍♀️ 🙋🏿‍♀️",
  "event": undefined,
  "id": "1",
  "type": "event",
}
`;

exports[`stream of multi-byte events 3`] = `
Object {
  "data": "بالتأ
كيد يجب أن يكون المرء قادرا على شراء مربى التوت؟ 🧏‍♂️ 🧏🏻‍♂️ 🧏🏼‍♂️ 🧏🏽‍♂️ 🧏🏾‍♂️ 🧏🏿‍♂️ 🧏‍♀️ 🧏🏻‍♀️ 🧏🏼‍♀️ 🧏🏽‍♀️ 🧏🏾‍♀️ 🧏🏿‍♀️ 🙇‍♂️ 🙇🏻‍♂️ 🙇🏼‍♂️ 🙇🏽‍♂️ 🙇🏾‍♂️ 🙇🏿‍♂️ 🙇‍♀️ 🙇🏻‍♀️ 🙇🏼‍♀️ 🙇🏽‍♀️ 🙇🏾‍♀️ 🙇🏿‍♀️ 🤦‍♂️ 🤦🏻‍♂️ 🤦🏼‍♂️ 🤦🏽‍♂️ 🤦🏾‍♂️ 🤦🏿‍♂️ 🤦‍♀️ 🤦🏻‍♀️ 🤦🏼‍♀️ 🤦🏽‍♀️ 🤦🏾‍♀️ 🤦🏿‍♀️ 🤷‍♂️ 🤷🏻‍♂️ 🤷🏼‍♂️ 🤷🏽‍♂️ 🤷🏾‍♂️ 🤷🏿‍♂️ 🤷‍♀️ 🤷🏻‍♀️ 🤷🏼‍♀️ 🤷🏽‍♀️ 🤷🏾‍♀️ 🤷🏿‍♀️ 🧑‍⚕️ 🧑🏻‍⚕️ 🧑🏼‍⚕️ 🧑🏽‍⚕️ 🧑🏾‍⚕️ 🧑🏿‍⚕️ 👨‍⚕️ 👨🏻‍⚕️ 👨🏼‍⚕️ 👨🏽‍⚕️ 👨🏾‍⚕️ 👨🏿‍⚕️ 👩‍⚕️ 👩🏻‍⚕️ 👩🏼‍⚕️ 👩🏽‍⚕️ 👩🏾‍⚕️ 👩🏿‍⚕️ 🧑‍🎓 🧑🏻‍🎓 🧑🏼‍🎓 🧑🏽‍🎓 🧑🏾‍🎓 🧑🏿‍🎓 👨‍🎓 👨🏻‍🎓 👨🏼‍🎓 👨🏽‍🎓 👨🏾‍🎓 👨🏿‍🎓 👩‍🎓 👩🏻‍🎓 👩🏼‍🎓 👩🏽‍🎓 👩🏾‍🎓 👩🏿‍🎓 🧑‍🏫 🧑🏻‍🏫 🧑🏼‍🏫 🧑🏽‍🏫 🧑🏾‍🏫 🧑🏿‍🏫 👨‍🏫 👨🏻‍🏫 👨🏼‍🏫 👨🏽‍🏫 👨🏾‍🏫 👨🏿‍🏫 👩‍🏫",
  "event": undefined,
  "id": "2",
  "type": "event",
}
`;

exports[`stream of multi-byte events 4`] = `
Object {
  "data": "一定能买到蓝莓果酱吗？ 👩🏻‍🏫 👩🏼‍🏫 👩🏽‍🏫 👩🏾‍🏫 👩🏿‍🏫 🧑‍⚖️ 🧑🏻‍⚖️ 🧑🏼‍⚖️ 🧑🏽‍⚖️ 🧑🏾‍⚖️ 🧑🏿‍⚖️ 👨‍⚖️ 👨🏻‍⚖️ 👨🏼‍⚖️ 👨🏽‍⚖️ 👨🏾‍⚖️ 👨🏿‍⚖️ 👩‍⚖️ 👩🏻‍⚖️ 👩🏼‍⚖️ 👩🏽‍⚖️ 👩🏾‍⚖️ 👩🏿‍⚖️ 🧑‍🌾 🧑🏻‍🌾 🧑🏼‍🌾 🧑🏽‍🌾 🧑🏾‍🌾 🧑🏿‍🌾 👨‍🌾 👨🏻‍🌾 👨🏼‍🌾 👨🏽‍🌾 👨🏾‍🌾 👨🏿‍🌾 👩‍🌾 👩🏻‍🌾 👩🏼‍🌾 👩🏽‍🌾 👩🏾‍🌾 👩🏿‍🌾 🧑‍🍳 🧑🏻‍🍳 🧑🏼‍🍳 🧑🏽‍🍳 🧑🏾‍🍳 🧑🏿‍🍳 👨‍🍳 👨🏻‍🍳 👨🏼‍🍳 👨🏽‍🍳 👨🏾‍🍳 👨🏿‍🍳 👩‍🍳 👩🏻‍🍳 👩🏼‍🍳 👩🏽‍🍳 👩🏾‍🍳 👩🏿‍🍳 🧑‍🔧 🧑🏻‍🔧 🧑🏼‍🔧 🧑🏽‍🔧 🧑🏾‍🔧 🧑🏿‍🔧 👨‍🔧 👨🏻‍🔧 👨🏼‍🔧 👨🏽‍🔧 👨🏾‍🔧 👨🏿‍🔧 👩‍🔧 👩🏻‍🔧 👩🏼‍🔧 👩🏽‍🔧 👩🏾‍🔧 👩🏿‍🔧 🧑‍🏭 🧑🏻‍🏭 🧑🏼‍🏭 🧑🏽‍🏭 🧑🏾‍🏭 🧑🏿‍🏭 👨‍🏭 👨🏻‍🏭 👨🏼‍🏭 👨🏽‍🏭 👨🏾‍🏭 👨🏿‍🏭 👩‍🏭 👩🏻‍🏭 👩🏼‍🏭 👩🏽‍🏭 👩🏾‍🏭 👩🏿‍🏭 🧑‍💼 🧑🏻‍💼",
  "event": undefined,
  "id": "3",
  "type": "event",
}
`;

exports[`stream of multi-byte events 5`] = `
Object {
  "data": "ચોક્ક
સ એક બ્લુબેરી જામ મેળવવા માટે સમર્થ હોવા જ જોઈએ? 🧑🏼‍💼 🧑🏽‍💼 🧑🏾‍💼 🧑🏿‍💼 👨‍💼 👨🏻‍💼 👨🏼‍💼 👨🏽‍💼 👨🏾‍💼 👨🏿‍💼 👩‍💼 👩🏻‍💼 👩🏼‍💼 👩🏽‍💼 👩🏾‍💼 👩🏿‍💼 🧑‍🔬 🧑🏻‍🔬 🧑🏼‍🔬 🧑🏽‍🔬 🧑🏾‍🔬 🧑🏿‍🔬 👨‍🔬 👨🏻‍🔬 👨🏼‍🔬 👨🏽‍🔬 👨🏾‍🔬 👨🏿‍🔬 👩‍🔬 👩🏻‍🔬 👩🏼‍🔬 👩🏽‍🔬 👩🏾‍🔬 👩🏿‍🔬 🧑‍💻 🧑🏻‍💻 🧑🏼‍💻 🧑🏽‍💻 🧑🏾‍💻 🧑🏿‍💻 👨‍💻 👨🏻‍💻 👨🏼‍💻 👨🏽‍💻 👨🏾‍💻 👨🏿‍💻 👩‍💻 👩🏻‍💻 👩🏼‍💻 👩🏽‍💻 👩🏾‍💻 👩🏿‍💻 🧑‍🎤 🧑🏻‍🎤 🧑🏼‍🎤 🧑🏽‍🎤 🧑🏾‍🎤 🧑🏿‍🎤 👨‍🎤 👨🏻‍🎤 👨🏼‍🎤 👨🏽‍🎤 👨🏾‍🎤 👨🏿‍🎤 👩‍🎤 👩🏻‍🎤 👩🏼‍🎤 👩🏽‍🎤 👩🏾‍🎤 👩🏿‍🎤 🧑‍🎨 🧑🏻‍🎨 🧑🏼‍🎨 🧑🏽‍🎨 🧑🏾‍🎨 🧑🏿‍🎨 👨‍🎨 👨🏻‍🎨 👨🏼‍🎨 👨🏽‍🎨 👨🏾‍🎨 👨🏿‍🎨 👩‍🎨 👩🏻‍🎨 👩🏼‍🎨 👩🏽‍🎨 👩🏾‍🎨 👩🏿‍🎨 🧑‍✈️ 🧑🏻‍✈️ 🧑🏼‍✈️ 🧑🏽‍✈️ 🧑🏾‍✈️ 🧑🏿‍✈️ 👨‍✈️ 👨🏻‍✈️ 👨🏼‍✈️",
  "event": undefined,
  "id": "4",
  "type": "event",
}
`;

exports[`stream of multi-byte events 6`] = `
Object {
  "data": "בטח אפשר להשיג ריבת אוכמניות? 👨🏽‍✈️ 👨🏾‍✈️ 👨🏿‍✈️ 👩‍✈️ 👩🏻‍✈️ 👩🏼‍✈️ 👩🏽‍✈️ 👩🏾‍✈️ 👩🏿‍✈️ 🧑‍🚀 🧑🏻‍🚀 🧑🏼‍🚀 🧑🏽‍🚀 🧑🏾‍🚀 🧑🏿‍🚀 👨‍🚀 👨🏻‍🚀 👨🏼‍🚀 👨🏽‍🚀 👨🏾‍🚀 👨🏿‍🚀 👩‍🚀 👩🏻‍🚀 👩🏼‍🚀 👩🏽‍🚀 👩🏾‍🚀 👩🏿‍🚀 🧑‍🚒 🧑🏻‍🚒 🧑🏼‍🚒 🧑🏽‍🚒 🧑🏾‍🚒 🧑🏿‍🚒 👨‍🚒 👨🏻‍🚒 👨🏼‍🚒 👨🏽‍🚒 👨🏾‍🚒 👨🏿‍🚒 👩‍🚒 👩🏻‍🚒 👩🏼‍🚒 👩🏽‍🚒 👩🏾‍🚒 👩🏿‍🚒 👮‍♂️ 👮🏻‍♂️ 👮🏼‍♂️ 👮🏽‍♂️ 👮🏾‍♂️ 👮🏿‍♂️ 👮‍♀️ 👮🏻‍♀️ 👮🏼‍♀️ 👮🏽‍♀️ 👮🏾‍♀️ 👮🏿‍♀️ 🕵️‍♂️ 🕵🏻‍♂️ 🕵🏼‍♂️ 🕵🏽‍♂️ 🕵🏾‍♂️ 🕵🏿‍♂️ 🕵️‍♀️ 🕵🏻‍♀️ 🕵🏼‍♀️ 🕵🏽‍♀️ 🕵🏾‍♀️ 🕵🏿‍♀️ 💂‍♂️ 💂🏻‍♂️ 💂🏼‍♂️ 💂🏽‍♂️ 💂🏾‍♂️ 💂🏿‍♂️ 💂‍♀️ 💂🏻‍♀️ 💂🏼‍♀️ 💂🏽‍♀️ 💂🏾‍♀️ 💂🏿‍♀️ 👷‍♂️ 👷🏻‍♂️ 👷🏼‍♂️ 👷🏽‍♂️ 👷🏾‍♂️ 👷🏿‍♂️ 👷‍♀️ 👷🏻‍♀️ 👷🏼‍♀️ 👷🏽‍♀️ 👷🏾‍♀️ 👷🏿‍♀️ 👳‍♂️ 👳🏻‍♂️ 👳🏼‍♂️ 👳🏽‍♂️",
  "event": undefined,
  "id": "5",
  "type": "event",
}
`;

exports[`stream of multi-byte events 7`] = `
Object {
  "data": "निश्च
ित रूप से किसी को ब्लूबेरी जैम खरीदने में सक्षम होना चाहिए? 👳🏾‍♂️ 👳🏿‍♂️ 👳‍♀️ 👳🏻‍♀️ 👳🏼‍♀️ 👳🏽‍♀️ 👳🏾‍♀️ 👳🏿‍♀️ 🤵‍♂️ 🤵🏻‍♂️ 🤵🏼‍♂️ 🤵🏽‍♂️ 🤵🏾‍♂️ 🤵🏿‍♂️ 🤵‍♀️ 🤵🏻‍♀️ 🤵🏼‍♀️ 🤵🏽‍♀️ 🤵🏾‍♀️ 🤵🏿‍♀️ 👰‍♂️ 👰🏻‍♂️ 👰🏼‍♂️ 👰🏽‍♂️ 👰🏾‍♂️ 👰🏿‍♂️ 👰‍♀️ 👰🏻‍♀️ 👰🏼‍♀️ 👰🏽‍♀️ 👰🏾‍♀️ 👰🏿‍♀️ 👩‍🍼 👩🏻‍🍼 👩🏼‍🍼 👩🏽‍🍼 👩🏾‍🍼 👩🏿‍🍼 👨‍🍼 👨🏻‍🍼 👨🏼‍🍼 👨🏽‍🍼 👨🏾‍🍼 👨🏿‍🍼 🧑‍🍼 🧑🏻‍🍼 🧑🏼‍🍼 🧑🏽‍🍼 🧑🏾‍🍼 🧑🏿‍🍼 🧑‍🎄 🧑🏻‍🎄 🧑🏼‍🎄 🧑🏽‍🎄 🧑🏾‍🎄 🧑🏿‍🎄 🦸‍♂️ 🦸🏻‍♂️ 🦸🏼‍♂️ 🦸🏽‍♂️ 🦸🏾‍♂️ 🦸🏿‍♂️ 🦸‍♀️ 🦸🏻‍♀️ 🦸🏼‍♀️ 🦸🏽‍♀️ 🦸🏾‍♀️ 🦸🏿‍♀️ 🦹‍♂️ 🦹🏻‍♂️ 🦹🏼‍♂️ 🦹🏽‍♂️ 🦹🏾‍♂️ 🦹🏿‍♂️ 🦹‍♀️ 🦹🏻‍♀️ 🦹🏼‍♀️ 🦹🏽‍♀️ 🦹🏾‍♀️ 🦹🏿‍♀️ 🧙‍♂️ 🧙🏻‍♂️ 🧙🏼‍♂️ 🧙🏽‍♂️ 🧙🏾‍♂️ 🧙🏿‍♂️ 🧙‍♀️ 🧙🏻‍♀️ 🧙🏼‍♀️ 🧙🏽‍♀️ 🧙🏾‍♀️ 🧙🏿‍♀️ 🧚‍♂️ 🧚🏻‍♂️ 🧚🏼‍♂️ 🧚🏽‍♂️ 🧚🏾‍♂️",
  "event": undefined,
  "id": "6",
  "type": "event",
}
`;

exports[`stream of multi-byte events 8`] = `
Object {
  "data": "Bê guman pêdivî ye ku meriv karibe jama şînê peyda bike? 🧚🏿‍♂️ 🧚‍♀️ 🧚🏻‍♀️ 🧚🏼‍♀️ 🧚🏽‍♀️ 🧚🏾‍♀️ 🧚🏿‍♀️ 🧛‍♂️ 🧛🏻‍♂️ 🧛🏼‍♂️ 🧛🏽‍♂️ 🧛🏾‍♂️ 🧛🏿‍♂️ 🧛‍♀️ 🧛🏻‍♀️ 🧛🏼‍♀️ 🧛🏽‍♀️ 🧛🏾‍♀️ 🧛🏿‍♀️ 🧜‍♂️ 🧜🏻‍♂️ 🧜🏼‍♂️ 🧜🏽‍♂️ 🧜🏾‍♂️ 🧜🏿‍♂️ 🧜‍♀️ 🧜🏻‍♀️ 🧜🏼‍♀️ 🧜🏽‍♀️ 🧜🏾‍♀️ 🧜🏿‍♀️ 🧝‍♂️ 🧝🏻‍♂️ 🧝🏼‍♂️ 🧝🏽‍♂️ 🧝🏾‍♂️ 🧝🏿‍♂️ 🧝‍♀️ 🧝🏻‍♀️ 🧝🏼‍♀️ 🧝🏽‍♀️ 🧝🏾‍♀️ 🧝🏿‍♀️ 🧞‍♂️ 🧞‍♀️ 🧟‍♂️ 🧟‍♀️ 💆‍♂️ 💆🏻‍♂️ 💆🏼‍♂️ 💆🏽‍♂️ 💆🏾‍♂️ 💆🏿‍♂️ 💆‍♀️ 💆🏻‍♀️ 💆🏼‍♀️ 💆🏽‍♀️ 💆🏾‍♀️ 💆🏿‍♀️ 💇‍♂️ 💇🏻‍♂️ 💇🏼‍♂️ 💇🏽‍♂️ 💇🏾‍♂️ 💇🏿‍♂️ 💇‍♀️ 💇🏻‍♀️ 💇🏼‍♀️ 💇🏽‍♀️ 💇🏾‍♀️ 💇🏿‍♀️ 🚶‍♂️ 🚶🏻‍♂️ 🚶🏼‍♂️ 🚶🏽‍♂️ 🚶🏾‍♂️ 🚶🏿‍♂️ 🚶‍♀️ 🚶🏻‍♀️ 🚶🏼‍♀️ 🚶🏽‍♀️ 🚶🏾‍♀️ 🚶🏿‍♀️ 🧍‍♂️ 🧍🏻‍♂️ 🧍🏼‍♂️ 🧍🏽‍♂️ 🧍🏾‍♂️ 🧍🏿‍♂️ 🧍‍♀️ 🧍🏻‍♀️ 🧍🏼‍♀️ 🧍🏽‍♀️ 🧍🏾‍♀️ 🧍🏿‍♀️ 🧎‍♂️ 🧎🏻‍♂️",
  "event": undefined,
  "id": "7",
  "type": "event",
}
`;

exports[`stream of multi-byte events 9`] = `
Object {
  "data": "ប្រាក
ដណាស់ មនុស្សម្នាក់ត្រូវតែអាចទិញយៈសាពូនមី blueberry បានទេ? 🧎🏼‍♂️ 🧎🏽‍♂️ 🧎🏾‍♂️ 🧎🏿‍♂️ 🧎‍♀️ 🧎🏻‍♀️ 🧎🏼‍♀️ 🧎🏽‍♀️ 🧎🏾‍♀️ 🧎🏿‍♀️ 🧑‍🦯 🧑🏻‍🦯 🧑🏼‍🦯 🧑🏽‍🦯 🧑🏾‍🦯 🧑🏿‍🦯 👨‍🦯 👨🏻‍🦯 👨🏼‍🦯 👨🏽‍🦯 👨🏾‍🦯 👨🏿‍🦯 👩‍🦯 👩🏻‍🦯 👩🏼‍🦯 👩🏽‍🦯 👩🏾‍🦯 👩🏿‍🦯 🧑‍🦼 🧑🏻‍🦼 🧑🏼‍🦼 🧑🏽‍🦼 🧑🏾‍🦼 🧑🏿‍🦼 👨‍🦼 👨🏻‍🦼 👨🏼‍🦼 👨🏽‍🦼 👨🏾‍🦼 👨🏿‍🦼 👩‍🦼 👩🏻‍🦼 👩🏼‍🦼 👩🏽‍🦼 👩🏾‍🦼 👩🏿‍🦼 🧑‍🦽 🧑🏻‍🦽 🧑🏼‍🦽 🧑🏽‍🦽 🧑🏾‍🦽 🧑🏿‍🦽 👨‍🦽 👨🏻‍🦽 👨🏼‍🦽 👨🏽‍🦽 👨🏾‍🦽 👨🏿‍🦽 👩‍🦽 👩🏻‍🦽 👩🏼‍🦽 👩🏽‍🦽 👩🏾‍🦽 👩🏿‍🦽 🏃‍♂️ 🏃🏻‍♂️ 🏃🏼‍♂️ 🏃🏽‍♂️ 🏃🏾‍♂️ 🏃🏿‍♂️ 🏃‍♀️ 🏃🏻‍♀️ 🏃🏼‍♀️ 🏃🏽‍♀️ 🏃🏾‍♀️ 🏃🏿‍♀️ 👯‍♂️ 👯‍♀️ 🧖‍♂️ 🧖🏻‍♂️ 🧖🏼‍♂️ 🧖🏽‍♂️ 🧖🏾‍♂️ 🧖🏿‍♂️ 🧖‍♀️ 🧖🏻‍♀️ 🧖🏼‍♀️ 🧖🏽‍♀️ 🧖🏾‍♀️ 🧖🏿‍♀️ 🧗‍♂️ 🧗🏻‍♂️ 🧗🏼‍♂️ 🧗🏽‍♂️ 🧗🏾‍♂️ 🧗🏿‍♂️ 🧗‍♀️",
  "event": undefined,
  "id": "8",
  "type": "event",
}
`;

exports[`stream of multi-byte events 10`] = `
Object {
  "data": "ಖಂಡಿತವಾಗಿಯೂ ಒಬ್ಬರು ಬ್ಲೂಬೆರ್ರಿ ಜಾಮ್ ಅನ್ನು ಸಂಗ್ರಹಿಸಲು ಶಕ್ತರಾಗಿರಬೇಕು? 🧗🏻‍♀️ 🧗🏼‍♀️ 🧗🏽‍♀️ 🧗🏾‍♀️ 🧗🏿‍♀️ 🏌️‍♂️ 🏌🏻‍♂️ 🏌🏼‍♂️ 🏌🏽‍♂️ 🏌🏾‍♂️ 🏌🏿‍♂️ 🏌️‍♀️ 🏌🏻‍♀️ 🏌🏼‍♀️ 🏌🏽‍♀️ 🏌🏾‍♀️ 🏌🏿‍♀️ 🏄‍♂️ 🏄🏻‍♂️ 🏄🏼‍♂️ 🏄🏽‍♂️ 🏄🏾‍♂️ 🏄🏿‍♂️ 🏄‍♀️ 🏄🏻‍♀️ 🏄🏼‍♀️ 🏄🏽‍♀️ 🏄🏾‍♀️ 🏄🏿‍♀️ 🚣‍♂️ 🚣🏻‍♂️ 🚣🏼‍♂️ 🚣🏽‍♂️ 🚣🏾‍♂️ 🚣🏿‍♂️ 🚣‍♀️ 🚣🏻‍♀️ 🚣🏼‍♀️ 🚣🏽‍♀️ 🚣🏾‍♀️ 🚣🏿‍♀️ 🏊‍♂️ 🏊🏻‍♂️ 🏊🏼‍♂️ 🏊🏽‍♂️ 🏊🏾‍♂️ 🏊🏿‍♂️ 🏊‍♀️ 🏊🏻‍♀️ 🏊🏼‍♀️ 🏊🏽‍♀️ 🏊🏾‍♀️ 🏊🏿‍♀️ ⛹️‍♂️ ⛹🏻‍♂️ ⛹🏼‍♂️ ⛹🏽‍♂️ ⛹🏾‍♂️ ⛹🏿‍♂️ ⛹️‍♀️ ⛹🏻‍♀️ ⛹🏼‍♀️ ⛹🏽‍♀️ ⛹🏾‍♀️ ⛹🏿‍♀️ 🏋️‍♂️ 🏋🏻‍♂️ 🏋🏼‍♂️ 🏋🏽‍♂️ 🏋🏾‍♂️ 🏋🏿‍♂️ 🏋️‍♀️ 🏋🏻‍♀️ 🏋🏼‍♀️ 🏋🏽‍♀️ 🏋🏾‍♀️ 🏋🏿‍♀️ 🚴‍♂️ 🚴🏻‍♂️ 🚴🏼‍♂️ 🚴🏽‍♂️ 🚴🏾‍♂️ 🚴🏿‍♂️ 🚴‍♀️ 🚴🏻‍♀️ 🚴🏼‍♀️ 🚴🏽‍♀️ 🚴🏾‍♀️ 🚴🏿‍♀️ 🚵‍♂️ 🚵🏻‍♂️ 🚵🏼‍♂️ 🚵🏽‍♂️ 🚵🏾‍♂️ 🚵🏿‍♂️ 🚵‍♀️ 🚵🏻‍♀️",
  "event": undefined,
  "id": "9",
  "type": "event",
}
`;

exports[`stream of multi-byte events 11`] = `
Object {
  "data": "確かにブル
ーベリージャムを調達できなければなりませんか？ 🚵🏼‍♀️ 🚵🏽‍♀️ 🚵🏾‍♀️ 🚵🏿‍♀️ 🤸‍♂️ 🤸🏻‍♂️ 🤸🏼‍♂️ 🤸🏽‍♂️ 🤸🏾‍♂️ 🤸🏿‍♂️ 🤸‍♀️ 🤸🏻‍♀️ 🤸🏼‍♀️ 🤸🏽‍♀️ 🤸🏾‍♀️ 🤸🏿‍♀️ 🤼‍♂️ 🤼‍♀️ 🤽‍♂️ 🤽🏻‍♂️ 🤽🏼‍♂️ 🤽🏽‍♂️ 🤽🏾‍♂️ 🤽🏿‍♂️ 🤽‍♀️ 🤽🏻‍♀️ 🤽🏼‍♀️ 🤽🏽‍♀️ 🤽🏾‍♀️ 🤽🏿‍♀️ 🤾‍♂️ 🤾🏻‍♂️ 🤾🏼‍♂️ 🤾🏽‍♂️ 🤾🏾‍♂️ 🤾🏿‍♂️ 🤾‍♀️ 🤾🏻‍♀️ 🤾🏼‍♀️ 🤾🏽‍♀️ 🤾🏾‍♀️ 🤾🏿‍♀️ 🤹‍♂️ 🤹🏻‍♂️ 🤹🏼‍♂️ 🤹🏽‍♂️ 🤹🏾‍♂️ 🤹🏿‍♂️ 🤹‍♀️ 🤹🏻‍♀️ 🤹🏼‍♀️ 🤹🏽‍♀️ 🤹🏾‍♀️ 🤹🏿‍♀️ 🧘‍♂️ 🧘🏻‍♂️ 🧘🏼‍♂️ 🧘🏽‍♂️ 🧘🏾‍♂️ 🧘🏿‍♂️ 🧘‍♀️ 🧘🏻‍♀️ 🧘🏼‍♀️ 🧘🏽‍♀️ 🧘🏾‍♀️ 🧘🏿‍♀️ 🧑‍🤝‍🧑 🧑🏻‍🤝‍🧑🏻 🧑🏻‍🤝‍🧑🏼 🧑🏻‍🤝‍🧑🏽 🧑🏻‍🤝‍🧑🏾 🧑🏻‍🤝‍🧑🏿 🧑🏼‍🤝‍🧑🏻 🧑🏼‍🤝‍🧑🏼 🧑🏼‍🤝‍🧑🏽 🧑🏼‍🤝‍🧑🏾 🧑🏼‍🤝‍🧑🏿 🧑🏽‍🤝‍🧑🏻 🧑🏽‍🤝‍🧑🏼 🧑🏽‍🤝‍🧑🏽 🧑🏽‍🤝‍🧑🏾 🧑🏽‍🤝‍🧑🏿 🧑🏾‍🤝‍🧑🏻 🧑🏾‍🤝‍🧑🏼 🧑🏾‍🤝‍🧑🏽 🧑🏾‍🤝‍🧑🏾 🧑🏾‍🤝‍🧑🏿 🧑🏿‍🤝‍🧑🏻 🧑🏿‍🤝‍🧑🏼 🧑🏿‍🤝‍🧑🏽 🧑🏿‍🤝‍🧑🏾 🧑🏿‍🤝‍🧑🏿 👩🏻‍🤝‍👩🏼 👩🏻‍🤝‍👩🏽 👩🏻‍🤝‍👩🏾 👩🏻‍🤝‍👩🏿 👩🏼‍🤝‍👩🏻",
  "event": undefined,
  "id": "10",
  "type": "event",
}
`;

exports[`stream of multi-byte events 12`] = `
Object {
  "data": "Невже треба вміти добути варення з чорниці? 👩🏼‍🤝‍👩🏽 👩🏼‍🤝‍👩🏾 👩🏼‍🤝‍👩🏿 👩🏽‍🤝‍👩🏻 👩🏽‍🤝‍👩🏼 👩🏽‍🤝‍👩🏾 👩🏽‍🤝‍👩🏿 👩🏾‍🤝‍👩🏻 👩🏾‍🤝‍👩🏼 👩🏾‍🤝‍👩🏽 👩🏾‍🤝‍👩🏿 👩🏿‍🤝‍👩🏻 👩🏿‍🤝‍👩🏼 👩🏿‍🤝‍👩🏽 👩🏿‍🤝‍👩🏾 👩🏻‍🤝‍👨🏼 👩🏻‍🤝‍👨🏽 👩🏻‍🤝‍👨🏾 👩🏻‍🤝‍👨🏿 👩🏼‍🤝‍👨🏻 👩🏼‍🤝‍👨🏽 👩🏼‍🤝‍👨🏾 👩🏼‍🤝‍👨🏿 👩🏽‍🤝‍👨🏻 👩🏽‍🤝‍👨🏼 👩🏽‍🤝‍👨🏾 👩🏽‍🤝‍👨🏿 👩🏾‍🤝‍👨🏻 👩🏾‍🤝‍👨🏼 👩🏾‍🤝‍👨🏽 👩🏾‍🤝‍👨🏿 👩🏿‍🤝‍👨🏻 👩🏿‍🤝‍👨🏼 👩🏿‍🤝‍👨🏽 👩🏿‍🤝‍👨🏾 👨🏻‍🤝‍👨🏼 👨🏻‍🤝‍👨🏽 👨🏻‍🤝‍👨🏾 👨🏻‍🤝‍👨🏿 👨🏼‍🤝‍👨🏻 👨🏼‍🤝‍👨🏽 👨🏼‍🤝‍👨🏾 👨🏼‍🤝‍👨🏿 👨🏽‍🤝‍👨🏻 👨🏽‍🤝‍👨🏼 👨🏽‍🤝‍👨🏾 👨🏽‍🤝‍👨🏿 👨🏾‍🤝‍👨🏻 👨🏾‍🤝‍👨🏼 👨🏾‍🤝‍👨🏽 👨🏾‍🤝‍👨🏿 👨🏿‍🤝‍👨🏻 👨🏿‍🤝‍👨🏼 👨🏿‍🤝‍👨🏽 👨🏿‍🤝‍👨🏾 💏 🧑🏻‍❤️‍💋‍🧑🏼 🧑🏻‍❤️‍💋‍🧑🏽 🧑🏻‍❤️‍💋‍🧑🏾 🧑🏻‍❤️‍💋‍🧑🏿 🧑🏼‍❤️‍💋‍🧑🏻 🧑🏼‍❤️‍💋‍🧑🏽 🧑🏼‍❤️‍💋‍🧑🏾 🧑🏼‍❤️‍💋‍🧑🏿 🧑🏽‍❤️‍💋‍🧑🏻 🧑🏽‍❤️‍💋‍🧑🏼 🧑🏽‍❤️‍💋‍🧑🏾 🧑🏽‍❤️‍💋‍🧑🏿 🧑🏾‍❤️‍💋‍🧑🏻 🧑🏾‍❤️‍💋‍🧑🏼 🧑🏾‍❤️‍💋‍🧑🏽 🧑🏾‍❤️‍💋‍🧑🏿 🧑🏿‍❤️‍💋‍🧑🏻 🧑🏿‍❤️‍💋‍🧑🏼 🧑🏿‍❤️‍💋‍🧑🏽 🧑🏿‍❤️‍💋‍🧑🏾 👩‍❤️‍💋‍👨 👩🏻‍❤️‍💋‍👨🏻 👩🏻‍❤️‍💋‍👨🏼 👩🏻‍❤️‍💋‍👨🏽 👩🏻‍❤️‍💋‍👨🏾 👩🏻‍❤️‍💋‍👨🏿 👩🏼‍❤️‍💋‍👨🏻 👩🏼‍❤️‍💋‍👨🏼 👩🏼‍❤️‍💋‍👨🏽 👩🏼‍❤️‍💋‍👨🏾 👩🏼‍❤️‍💋‍👨🏿 👩🏽‍❤️‍💋‍👨🏻 👩🏽‍❤️‍💋‍👨🏼 👩🏽‍❤️‍💋‍👨🏽 👩🏽‍❤️‍💋‍👨🏾 👩🏽‍❤️‍💋‍👨🏿 👩🏾‍❤️‍💋‍👨🏻 👩🏾‍❤️‍💋‍👨🏼 👩🏾‍❤️‍💋‍👨🏽 👩🏾‍❤️‍💋‍👨🏾 👩🏾‍❤️‍💋‍👨🏿",
  "event": undefined,
  "id": "11",
  "type": "event",
}
`;

exports[`stream of multi-byte events 13`] = `
Object {
  "data": "แน่นอ
นว่าจะต้องสามารถจัดหาแยมบลูเบอร์รี่ได้? 👩🏿‍❤️‍💋‍👨🏻 👩🏿‍❤️‍💋‍👨🏼 👩🏿‍❤️‍💋‍👨🏽 👩🏿‍❤️‍💋‍👨🏾 👩🏿‍❤️‍💋‍👨🏿 👨‍❤️‍💋‍👨 👨🏻‍❤️‍💋‍👨🏻 👨🏻‍❤️‍💋‍👨🏼 👨🏻‍❤️‍💋‍👨🏽 👨🏻‍❤️‍💋‍👨🏾 👨🏻‍❤️‍💋‍👨🏿 👨🏼‍❤️‍💋‍👨🏻 👨🏼‍❤️‍💋‍👨🏼 👨🏼‍❤️‍💋‍👨🏽 👨🏼‍❤️‍💋‍👨🏾 👨🏼‍❤️‍💋‍👨🏿 👨🏽‍❤️‍💋‍👨🏻 👨🏽‍❤️‍💋‍👨🏼 👨🏽‍❤️‍💋‍👨🏽 👨🏽‍❤️‍💋‍👨🏾 👨🏽‍❤️‍💋‍👨🏿 👨🏾‍❤️‍💋‍👨🏻 👨🏾‍❤️‍💋‍👨🏼 👨🏾‍❤️‍💋‍👨🏽 👨🏾‍❤️‍💋‍👨🏾 👨🏾‍❤️‍💋‍👨🏿 👨🏿‍❤️‍💋‍👨🏻 👨🏿‍❤️‍💋‍👨🏼 👨🏿‍❤️‍💋‍👨🏽 👨🏿‍❤️‍💋‍👨🏾 👨🏿‍❤️‍💋‍👨🏿 👩‍❤️‍💋‍👩 👩🏻‍❤️‍💋‍👩🏻 👩🏻‍❤️‍💋‍👩🏼 👩🏻‍❤️‍💋‍👩🏽 👩🏻‍❤️‍💋‍👩🏾 👩🏻‍❤️‍💋‍👩🏿 👩🏼‍❤️‍💋‍👩🏻 👩🏼‍❤️‍💋‍👩🏼 👩🏼‍❤️‍💋‍👩🏽 👩🏼‍❤️‍💋‍👩🏾 👩🏼‍❤️‍💋‍👩🏿 👩🏽‍❤️‍💋‍👩🏻 👩🏽‍❤️‍💋‍👩🏼 👩🏽‍❤️‍💋‍👩🏽 👩🏽‍❤️‍💋‍👩🏾 👩🏽‍❤️‍💋‍👩🏿 👩🏾‍❤️‍💋‍👩🏻 👩🏾‍❤️‍💋‍👩🏼 👩🏾‍❤️‍💋‍👩🏽 👩🏾‍❤️‍💋‍👩🏾 👩🏾‍❤️‍💋‍👩🏿 👩🏿‍❤️‍💋‍👩🏻 👩🏿‍❤️‍💋‍👩🏼 👩🏿‍❤️‍💋‍👩🏽 👩🏿‍❤️‍💋‍👩🏾 👩🏿‍❤️‍💋‍👩🏿 💑 🧑🏻‍❤️‍🧑🏼 🧑🏻‍❤️‍🧑🏽 🧑🏻‍❤️‍🧑🏾 🧑🏻‍❤️‍🧑🏿 🧑🏼‍❤️‍🧑🏻 🧑🏼‍❤️‍🧑🏽 🧑🏼‍❤️‍🧑🏾 🧑🏼‍❤️‍🧑🏿 🧑🏽‍❤️‍🧑🏻 🧑🏽‍❤️‍🧑🏼 🧑🏽‍❤️‍🧑🏾 🧑🏽‍❤️‍🧑🏿 🧑🏾‍❤️‍🧑🏻 🧑🏾‍❤️‍🧑🏼 🧑🏾‍❤️‍🧑🏽 🧑🏾‍❤️‍🧑🏿 🧑🏿‍❤️‍🧑🏻 🧑🏿‍❤️‍🧑🏼 🧑🏿‍❤️‍🧑🏽 🧑🏿‍❤️‍🧑🏾 👩‍❤️‍👨 👩🏻‍❤️‍👨🏻 👩🏻‍❤️‍👨🏼 👩🏻‍❤️‍👨🏽 👩🏻‍❤️‍👨🏾 👩🏻‍❤️‍👨🏿 👩🏼‍❤️‍👨🏻 👩🏼‍❤️‍👨🏼 👩🏼‍❤️‍👨🏽 👩🏼‍❤️‍👨🏾 👩🏼‍❤️‍👨🏿 👩🏽‍❤️‍👨🏻 👩🏽‍❤️‍👨🏼 👩🏽‍❤️‍👨🏽 👩🏽‍❤️‍👨🏾 👩🏽‍❤️‍👨🏿 👩🏾‍❤️‍👨🏻 👩🏾‍❤️‍👨🏼 👩🏾‍❤️‍👨🏽",
  "event": undefined,
  "id": "12",
  "type": "event",
}
`;

exports[`stream of multi-byte events 14`] = `
Object {
  "data": "Сигурно некој мора да може да набави џем од боровинки? 👩🏾‍❤️‍👨🏾 👩🏾‍❤️‍👨🏿 👩🏿‍❤️‍👨🏻 👩🏿‍❤️‍👨🏼 👩🏿‍❤️‍👨🏽 👩🏿‍❤️‍👨🏾 👩🏿‍❤️‍👨🏿 👨‍❤️‍👨 👨🏻‍❤️‍👨🏻 👨🏻‍❤️‍👨🏼 👨🏻‍❤️‍👨🏽 👨🏻‍❤️‍👨🏾 👨🏻‍❤️‍👨🏿 👨🏼‍❤️‍👨🏻 👨🏼‍❤️‍👨🏼 👨🏼‍❤️‍👨🏽 👨🏼‍❤️‍👨🏾 👨🏼‍❤️‍👨🏿 👨🏽‍❤️‍👨🏻 👨🏽‍❤️‍👨🏼 👨🏽‍❤️‍👨🏽 👨🏽‍❤️‍👨🏾 👨🏽‍❤️‍👨🏿 👨🏾‍❤️‍👨🏻 👨🏾‍❤️‍👨🏼 👨🏾‍❤️‍👨🏽 👨🏾‍❤️‍👨🏾 👨🏾‍❤️‍👨🏿 👨🏿‍❤️‍👨🏻 👨🏿‍❤️‍👨🏼 👨🏿‍❤️‍👨🏽 👨🏿‍❤️‍👨🏾 👨🏿‍❤️‍👨🏿 👩‍❤️‍👩 👩🏻‍❤️‍👩🏻 👩🏻‍❤️‍👩🏼 👩🏻‍❤️‍👩🏽 👩🏻‍❤️‍👩🏾 👩🏻‍❤️‍👩🏿 👩🏼‍❤️‍👩🏻 👩🏼‍❤️‍👩🏼 👩🏼‍❤️‍👩🏽 👩🏼‍❤️‍👩🏾 👩🏼‍❤️‍👩🏿 👩🏽‍❤️‍👩🏻 👩🏽‍❤️‍👩🏼 👩🏽‍❤️‍👩🏽 👩🏽‍❤️‍👩🏾 👩🏽‍❤️‍👩🏿 👩🏾‍❤️‍👩🏻 👩🏾‍❤️‍👩🏼 👩🏾‍❤️‍👩🏽 👩🏾‍❤️‍👩🏾 👩🏾‍❤️‍👩🏿 👩🏿‍❤️‍👩🏻 👩🏿‍❤️‍👩🏼 👩🏿‍❤️‍👩🏽 👩🏿‍❤️‍👩🏾 👩🏿‍❤️‍👩🏿 👪 👨‍👩‍👦 👨‍👩‍👧 👨‍👩‍👧‍👦 👨‍👩‍👦‍👦 👨‍👩‍👧‍👧 👨‍👨‍👦 👨‍👨‍👧 👨‍👨‍👧‍👦 👨‍👨‍👦‍👦 👨‍👨‍👧‍👧 👩‍👩‍👦 👩‍👩‍👧 👩‍👩‍👧‍👦 👩‍👩‍👦‍👦 👩‍👩‍👧‍👧 👨‍👦 👨‍👦‍👦 👨‍👧 👨‍👧‍👦 👨‍👧‍👧 👩‍👦 👩‍👦‍👦 👩‍👧 👩‍👧‍👦 👩‍👧‍👧 🐕‍🦺 🐈‍⬛ 🐻‍❄️ 🏳️‍🌈 🏳️‍⚧️ 🏴‍☠️",
  "event": undefined,
  "id": "13",
  "type": "event",
}
`;

exports[`stream of multi-byte events 15`] = `
Object {
  "data": "✔",
  "event": "done",
  "id": undefined,
  "type": "event",
}
`;
